Archive member included because of file (symbol)

/Users/dcellucci/Library/Arduino15/packages/arduino/tools/arm-none-eabi-gcc/4.8.3-2014q1/bin/../lib/gcc/arm-none-eabi/4.8.3/../../../../arm-none-eabi/lib/armv6-m/libc_s.a(lib_a-exit.o)
                              /Users/dcellucci/Library/Arduino15/packages/arduino/tools/arm-none-eabi-gcc/4.8.3-2014q1/bin/../lib/gcc/arm-none-eabi/4.8.3/../../../../arm-none-eabi/lib/armv6-m/crt0.o (exit)
/Users/dcellucci/Library/Arduino15/packages/arduino/tools/arm-none-eabi-gcc/4.8.3-2014q1/bin/../lib/gcc/arm-none-eabi/4.8.3/../../../../arm-none-eabi/lib/armv6-m/libc_s.a(lib_a-impure.o)
                              /Users/dcellucci/Library/Arduino15/packages/arduino/tools/arm-none-eabi-gcc/4.8.3-2014q1/bin/../lib/gcc/arm-none-eabi/4.8.3/../../../../arm-none-eabi/lib/armv6-m/libc_s.a(lib_a-exit.o) (_global_impure_ptr)
/Users/dcellucci/Library/Arduino15/packages/arduino/tools/arm-none-eabi-gcc/4.8.3-2014q1/bin/../lib/gcc/arm-none-eabi/4.8.3/../../../../arm-none-eabi/lib/armv6-m/libc_s.a(lib_a-init.o)
                              /Users/dcellucci/Library/Arduino15/packages/arduino/tools/arm-none-eabi-gcc/4.8.3-2014q1/bin/../lib/gcc/arm-none-eabi/4.8.3/../../../../arm-none-eabi/lib/armv6-m/crt0.o (__libc_init_array)
/Users/dcellucci/Library/Arduino15/packages/arduino/tools/arm-none-eabi-gcc/4.8.3-2014q1/bin/../lib/gcc/arm-none-eabi/4.8.3/../../../../arm-none-eabi/lib/armv6-m/libc_s.a(lib_a-memcpy-stub.o)
                              build/board_driver_usb.o (memcpy)
/Users/dcellucci/Library/Arduino15/packages/arduino/tools/arm-none-eabi-gcc/4.8.3-2014q1/bin/../lib/gcc/arm-none-eabi/4.8.3/../../../../arm-none-eabi/lib/armv6-m/libc_s.a(lib_a-memset.o)
                              /Users/dcellucci/Library/Arduino15/packages/arduino/tools/arm-none-eabi-gcc/4.8.3-2014q1/bin/../lib/gcc/arm-none-eabi/4.8.3/../../../../arm-none-eabi/lib/armv6-m/crt0.o (memset)
/Users/dcellucci/Library/Arduino15/packages/arduino/tools/arm-none-eabi-gcc/4.8.3-2014q1/bin/../lib/gcc/arm-none-eabi/4.8.3/../../../../arm-none-eabi/lib/armv6-m/libnosys.a(_exit.o)
                              /Users/dcellucci/Library/Arduino15/packages/arduino/tools/arm-none-eabi-gcc/4.8.3-2014q1/bin/../lib/gcc/arm-none-eabi/4.8.3/../../../../arm-none-eabi/lib/armv6-m/libc_s.a(lib_a-exit.o) (_exit)

Allocating common symbols
Common symbol       size              file

b_sharp_received    0x1               build/sam_ba_serial.o
udd_ep_out_cache_buffer
                    0x80              build/board_driver_usb.o
j                   0x1               build/sam_ba_monitor.o
udd_ep_in_cache_buffer
                    0x80              build/board_driver_usb.o
idx_rx_write        0x1               build/sam_ba_serial.o
size_of_data        0x2               build/sam_ba_serial.o
length              0x4               build/sam_ba_monitor.o
ptr                 0x4               build/sam_ba_monitor.o
command             0x1               build/sam_ba_monitor.o
pulSketch_Start_Address
                    0x4               build/main.o
MAX_FLASH           0x4               build/sam_ba_monitor.o
PAGES               0x4               build/sam_ba_monitor.o
idx_tx_read         0x1               build/sam_ba_serial.o
i                   0x4               build/sam_ba_monitor.o
buffer_tx_usart     0x80              build/sam_ba_serial.o
sam_ba_cdc          0xc               build/sam_ba_usb.o
error_timeout       0x1               build/sam_ba_serial.o
usb_endpoint_table  0x80              build/board_driver_usb.o
PAGE_SIZE           0x4               build/sam_ba_monitor.o
data                0x40              build/sam_ba_monitor.o
mode_of_transfer    0x1               build/sam_ba_serial.o
ptr_data            0x4               build/sam_ba_monitor.o
idx_rx_read         0x1               build/sam_ba_serial.o
ptr_monitor_if      0x4               build/sam_ba_monitor.o
sp                  0x4               build/sam_ba_monitor.o
current_number      0x4               build/sam_ba_monitor.o
idx_tx_write        0x1               build/sam_ba_serial.o
u32tmp              0x4               build/sam_ba_monitor.o
buffer_rx_usart     0x80              build/sam_ba_serial.o

Discarded input sections

 .text          0x0000000000000000        0x0 /Users/dcellucci/Library/Arduino15/packages/arduino/tools/arm-none-eabi-gcc/4.8.3-2014q1/bin/../lib/gcc/arm-none-eabi/4.8.3/armv6-m/crti.o
 .data          0x0000000000000000        0x0 /Users/dcellucci/Library/Arduino15/packages/arduino/tools/arm-none-eabi-gcc/4.8.3-2014q1/bin/../lib/gcc/arm-none-eabi/4.8.3/armv6-m/crti.o
 .bss           0x0000000000000000        0x0 /Users/dcellucci/Library/Arduino15/packages/arduino/tools/arm-none-eabi-gcc/4.8.3-2014q1/bin/../lib/gcc/arm-none-eabi/4.8.3/armv6-m/crti.o
 .data          0x0000000000000000        0x4 /Users/dcellucci/Library/Arduino15/packages/arduino/tools/arm-none-eabi-gcc/4.8.3-2014q1/bin/../lib/gcc/arm-none-eabi/4.8.3/armv6-m/crtbegin.o
[...]
Memory Configuration

Name             Origin             Length             Attributes
FLASH            0x0000000000000000 0x0000000000002000 xr
RAM              0x0000000020000000 0x0000000000007ffc xrw
*default*        0x0000000000000000 0xffffffffffffffff

Linker script and memory map

LOAD /Users/dcellucci/Library/Arduino15/packages/arduino/tools/arm-none-eabi-gcc/4.8.3-2014q1/bin/../lib/gcc/arm-none-eabi/4.8.3/armv6-m/crti.o
LOAD /Users/dcellucci/Library/Arduino15/packages/arduino/tools/arm-none-eabi-gcc/4.8.3-2014q1/bin/../lib/gcc/arm-none-eabi/4.8.3/armv6-m/crtbegin.o
LOAD /Users/dcellucci/Library/Arduino15/packages/arduino/tools/arm-none-eabi-gcc/4.8.3-2014q1/bin/../lib/gcc/arm-none-eabi/4.8.3/../../../../arm-none-eabi/lib/armv6-m/crt0.o
START GROUP
LOAD build/board_driver_led.o
LOAD build/board_driver_serial.o
LOAD build/board_driver_usb.o
LOAD build/board_init.o
LOAD build/board_startup.o
LOAD build/main.o
LOAD build/sam_ba_usb.o
LOAD build/sam_ba_cdc.o
LOAD build/sam_ba_monitor.o
LOAD build/sam_ba_serial.o
LOAD /Users/dcellucci/Library/Arduino15/packages/arduino/tools/arm-none-eabi-gcc/4.8.3-2014q1/bin/../lib/gcc/arm-none-eabi/4.8.3/../../../../arm-none-eabi/lib/armv6-m/libm.a
END GROUP
START GROUP
LOAD /Users/dcellucci/Library/Arduino15/packages/arduino/tools/arm-none-eabi-gcc/4.8.3-2014q1/bin/../lib/gcc/arm-none-eabi/4.8.3/armv6-m/libgcc.a
LOAD /Users/dcellucci/Library/Arduino15/packages/arduino/tools/arm-none-eabi-gcc/4.8.3-2014q1/bin/../lib/gcc/arm-none-eabi/4.8.3/../../../../arm-none-eabi/lib/armv6-m/libc_s.a
END GROUP
START GROUP
LOAD /Users/dcellucci/Library/Arduino15/packages/arduino/tools/arm-none-eabi-gcc/4.8.3-2014q1/bin/../lib/gcc/arm-none-eabi/4.8.3/armv6-m/libgcc.a
LOAD /Users/dcellucci/Library/Arduino15/packages/arduino/tools/arm-none-eabi-gcc/4.8.3-2014q1/bin/../lib/gcc/arm-none-eabi/4.8.3/../../../../arm-none-eabi/lib/armv6-m/libc_s.a
LOAD /Users/dcellucci/Library/Arduino15/packages/arduino/tools/arm-none-eabi-gcc/4.8.3-2014q1/bin/../lib/gcc/arm-none-eabi/4.8.3/../../../../arm-none-eabi/lib/armv6-m/libnosys.a
END GROUP
START GROUP
LOAD /Users/dcellucci/Library/Arduino15/packages/arduino/tools/arm-none-eabi-gcc/4.8.3-2014q1/bin/../lib/gcc/arm-none-eabi/4.8.3/armv6-m/libgcc.a
LOAD /Users/dcellucci/Library/Arduino15/packages/arduino/tools/arm-none-eabi-gcc/4.8.3-2014q1/bin/../lib/gcc/arm-none-eabi/4.8.3/../../../../arm-none-eabi/lib/armv6-m/libc_s.a
LOAD /Users/dcellucci/Library/Arduino15/packages/arduino/tools/arm-none-eabi-gcc/4.8.3-2014q1/bin/../lib/gcc/arm-none-eabi/4.8.3/../../../../arm-none-eabi/lib/armv6-m/libnosys.a
END GROUP
LOAD /Users/dcellucci/Library/Arduino15/packages/arduino/tools/arm-none-eabi-gcc/4.8.3-2014q1/bin/../lib/gcc/arm-none-eabi/4.8.3/armv6-m/crtend.o
LOAD /Users/dcellucci/Library/Arduino15/packages/arduino/tools/arm-none-eabi-gcc/4.8.3-2014q1/bin/../lib/gcc/arm-none-eabi/4.8.3/armv6-m/crtn.o
                0x0000000000000000                . = ORIGIN (FLASH)

.vectors        0x0000000000000000       0x40
 *(.isr_vector)
 .isr_vector    0x0000000000000000       0x40 build/board_startup.o
                0x0000000000000000                exception_table

.text           0x0000000000000040     0x15e8
 *(.text*)
 .text          0x0000000000000040       0x60 /Users/dcellucci/Library/Arduino15/packages/arduino/tools/arm-none-eabi-gcc/4.8.3-2014q1/bin/../lib/gcc/arm-none-eabi/4.8.3/armv6-m/crtbegin.o
 .text.USB_IsConfigured
                0x00000000000000a0       0x94 build/board_driver_usb.o
                0x00000000000000a0                USB_IsConfigured
 .text.USB_Open
                0x0000000000000134       0x1c build/board_driver_usb.o
                0x0000000000000134                USB_Open
 .text.USB_Init
                0x0000000000000150      0x10c build/board_driver_usb.o
                0x0000000000000150                USB_Init
 .text.USB_Write
                0x000000000000025c       0xbc build/board_driver_usb.o
                0x000000000000025c                USB_Write
 .text.USB_Read
                0x0000000000000318       0x94 build/board_driver_usb.o
                0x0000000000000318                USB_Read
 .text.USB_SendStall
                0x00000000000003ac       0x28 build/board_driver_usb.o
                0x00000000000003ac                USB_SendStall
 .text.USB_SendZlp
                0x00000000000003d4       0x48 build/board_driver_usb.o
                0x00000000000003d4                USB_SendZlp
 .text.USB_SetAddress
                0x000000000000041c        0xc build/board_driver_usb.o
                0x000000000000041c                USB_SetAddress
 .text.USB_Configure
                0x0000000000000428       0x68 build/board_driver_usb.o
                0x0000000000000428                USB_Configure
 .text.board_init_osc32k
                0x0000000000000490       0x60 build/board_init.o
                0x0000000000000490                board_init_osc32k
 .text.board_init_dfll48_closed
                0x00000000000004f0       0xb8 build/board_init.o
                0x00000000000004f0                board_init_dfll48_closed
 .text.board_init_set_dfll48_as_master
                0x00000000000005a8       0x2c build/board_init.o
                0x00000000000005a8                board_init_set_dfll48_as_master
 .text.board_init
                0x00000000000005d4       0x40 build/board_init.o
                0x00000000000005d4                board_init
 .text.NMI_Handler
                0x0000000000000614        0x4 build/board_startup.o
                0x0000000000000614                NMI_Handler
 .text.HardFault_Handler
                0x0000000000000618        0x4 build/board_startup.o
                0x0000000000000618                HardFault_Handler
 .text.SVC_Handler
                0x000000000000061c        0x4 build/board_startup.o
                0x000000000000061c                SVC_Handler
 .text.PendSV_Handler
                0x0000000000000620        0x4 build/board_startup.o
                0x0000000000000620                PendSV_Handler
 .text.SysTick_Handler
                0x0000000000000624        0x4 build/board_startup.o
                0x0000000000000624                SysTick_Handler
 .text.Reset_Handler
                0x0000000000000628       0x80 build/board_startup.o
                0x0000000000000628                Reset_Handler
 .text.main     0x00000000000006a8       0xb8 build/main.o
                0x00000000000006a8                main
 .text.sam_ba_usb_CDC_Enumerate
                0x0000000000000760      0x464 build/sam_ba_usb.o
                0x0000000000000760                sam_ba_usb_CDC_Enumerate
 .text.usb_init
                0x0000000000000bc4       0x20 build/sam_ba_usb.o
                0x0000000000000bc4                usb_init
 .text.cdc_putc
                0x0000000000000be4       0x20 build/sam_ba_cdc.o
                0x0000000000000be4                cdc_putc
 .text.cdc_getc
                0x0000000000000c04       0x20 build/sam_ba_cdc.o
                0x0000000000000c04                cdc_getc
 .text.cdc_is_rx_ready
                0x0000000000000c24       0x24 build/sam_ba_cdc.o
                0x0000000000000c24                cdc_is_rx_ready
 .text.cdc_write_buf
                0x0000000000000c48       0x1c build/sam_ba_cdc.o
                0x0000000000000c48                cdc_write_buf
 .text.cdc_read_buf
                0x0000000000000c64       0x28 build/sam_ba_cdc.o
                0x0000000000000c64                cdc_read_buf
 .text.cdc_read_buf_xmd
                0x0000000000000c8c       0x3c build/sam_ba_cdc.o
                0x0000000000000c8c                cdc_read_buf_xmd
 .text.sam_ba_monitor_init
                0x0000000000000cc8       0x14 build/sam_ba_monitor.o
                0x0000000000000cc8                sam_ba_monitor_init
 .text.sam_ba_putdata_term
                0x0000000000000cdc       0x94 build/sam_ba_monitor.o
                0x0000000000000cdc                sam_ba_putdata_term
 .text.call_applet
                0x0000000000000d70       0x1c build/sam_ba_monitor.o
                0x0000000000000d70                call_applet
 .text.sam_ba_monitor_run
                0x0000000000000d8c      0x5a8 build/sam_ba_monitor.o
                0x0000000000000d8c                sam_ba_monitor_run
 .text.serial_add_crc
                0x0000000000001334       0x18 build/sam_ba_serial.o
                0x0000000000001334                serial_add_crc
 .text.memcpy   0x000000000000134c       0x12 /Users/dcellucci/Library/Arduino15/packages/arduino/tools/arm-none-eabi-gcc/4.8.3-2014q1/bin/../lib/gcc/arm-none-eabi/4.8.3/../../../../arm-none-eabi/lib/armv6-m/libc_s.a(lib_a-memcpy-stub.o)
                0x000000000000134c                memcpy
 .text.memset   0x000000000000135e       0x10 /Users/dcellucci/Library/Arduino15/packages/arduino/tools/arm-none-eabi-gcc/4.8.3-2014q1/bin/../lib/gcc/arm-none-eabi/4.8.3/../../../../arm-none-eabi/lib/armv6-m/libc_s.a(lib_a-memset.o)
                0x000000000000135e                memset
 *(.init)
 *fill*         0x000000000000136e        0x2 
 .init          0x0000000000001370        0x4 /Users/dcellucci/Library/Arduino15/packages/arduino/tools/arm-none-eabi-gcc/4.8.3-2014q1/bin/../lib/gcc/arm-none-eabi/4.8.3/armv6-m/crti.o
                0x0000000000001370                _init
 .init          0x0000000000001374        0x8 /Users/dcellucci/Library/Arduino15/packages/arduino/tools/arm-none-eabi-gcc/4.8.3-2014q1/bin/../lib/gcc/arm-none-eabi/4.8.3/armv6-m/crtn.o
 *(.fini)
 .fini          0x000000000000137c        0x4 /Users/dcellucci/Library/Arduino15/packages/arduino/tools/arm-none-eabi-gcc/4.8.3-2014q1/bin/../lib/gcc/arm-none-eabi/4.8.3/armv6-m/crti.o
                0x000000000000137c                _fini
 .fini          0x0000000000001380        0x8 /Users/dcellucci/Library/Arduino15/packages/arduino/tools/arm-none-eabi-gcc/4.8.3-2014q1/bin/../lib/gcc/arm-none-eabi/4.8.3/armv6-m/crtn.o
 *crtbegin.o(.ctors)
 *crtbegin?.o(.ctors)
 *(EXCLUDE_FILE(*crtend.o *crtend?.o) .ctors)
 *(SORT(.ctors.*))
 *(.ctors)
 *crtbegin.o(.dtors)
 *crtbegin?.o(.dtors)
 *(EXCLUDE_FILE(*crtend.o *crtend?.o) .dtors)
 *(SORT(.dtors.*))
 *(.dtors)
 *(.rodata*)
 .rodata.devDescriptor
                0x0000000000001388       0x14 build/sam_ba_usb.o
 .rodata        0x000000000000139c       0x20 build/sam_ba_monitor.o
 .rodata.RomBOOT_Version
                0x00000000000013bc        0x4 build/sam_ba_monitor.o
                0x00000000000013bc                RomBOOT_Version
 .rodata.str1.4
                0x00000000000013c0       0x38 build/sam_ba_monitor.o
 .rodata.usbcdc_if
                0x00000000000013f8       0x1c build/sam_ba_monitor.o
                0x00000000000013f8                usbcdc_if
 .rodata.RomBOOT_ExtendedCapabilities
                0x0000000000001414       0x10 build/sam_ba_monitor.o
                0x0000000000001414                RomBOOT_ExtendedCapabilities
 .rodata.crc16Table
                0x0000000000001424      0x200 build/sam_ba_serial.o
 *(.eh_frame*)
 .eh_frame      0x0000000000001624        0x0 /Users/dcellucci/Library/Arduino15/packages/arduino/tools/arm-none-eabi-gcc/4.8.3-2014q1/bin/../lib/gcc/arm-none-eabi/4.8.3/armv6-m/crtbegin.o
 .eh_frame      0x0000000000001624        0x4 /Users/dcellucci/Library/Arduino15/packages/arduino/tools/arm-none-eabi-gcc/4.8.3-2014q1/bin/../lib/gcc/arm-none-eabi/4.8.3/armv6-m/crtend.o

.glue_7         0x0000000000001628        0x0
 .glue_7        0x0000000000000000        0x0 linker stubs

.glue_7t        0x0000000000001628        0x0
 .glue_7t       0x0000000000000000        0x0 linker stubs

.vfp11_veneer   0x0000000000001628        0x0
 .vfp11_veneer  0x0000000000000000        0x0 linker stubs

.v4_bx          0x0000000000001628        0x0
 .v4_bx         0x0000000000000000        0x0 linker stubs

.iplt           0x0000000000001628        0x0
 .iplt          0x0000000000000000        0x0 /Users/dcellucci/Library/Arduino15/packages/arduino/tools/arm-none-eabi-gcc/4.8.3-2014q1/bin/../lib/gcc/arm-none-eabi/4.8.3/armv6-m/crtbegin.o

.rel.dyn        0x0000000000001628        0x0
 .rel.iplt      0x0000000000000000        0x0 /Users/dcellucci/Library/Arduino15/packages/arduino/tools/arm-none-eabi-gcc/4.8.3-2014q1/bin/../lib/gcc/arm-none-eabi/4.8.3/armv6-m/crtbegin.o

.ARM.extab
 *(.ARM.extab* .gnu.linkonce.armextab.*)
                0x0000000000001628                __exidx_start = .

.ARM.exidx
 *(.ARM.exidx* .gnu.linkonce.armexidx.*)
                0x0000000000001628                __exidx_end = .
                0x0000000000001628                __etext = .
                0x0000000000002000                PROVIDE (__sketch_vectors_ptr, (ORIGIN (FLASH) + 0x2000))

.data           0x0000000020000000       0x58 load address 0x0000000000001628
                0x0000000020000000                __data_start__ = .
 *(vtable)
 *(.data*)
 .data.cfgDescriptor
                0x0000000020000000       0x44 build/sam_ba_usb.o
 .data.line_coding
                0x0000000020000044        0x8 build/sam_ba_cdc.o
                0x0000000020000044                line_coding
                0x000000002000004c                . = ALIGN (0x4)
                0x000000002000004c                PROVIDE (__preinit_array_start, .)
 *(.preinit_array)
                0x000000002000004c                PROVIDE (__preinit_array_end, .)
                0x000000002000004c                . = ALIGN (0x4)
                0x000000002000004c                PROVIDE (__init_array_start, .)
 *(SORT(.init_array.*))
 *(.init_array)
 .init_array    0x000000002000004c        0x4 /Users/dcellucci/Library/Arduino15/packages/arduino/tools/arm-none-eabi-gcc/4.8.3-2014q1/bin/../lib/gcc/arm-none-eabi/4.8.3/armv6-m/crtbegin.o
                0x0000000020000050                PROVIDE (__init_array_end, .)
                0x0000000020000050                . = ALIGN (0x4)
                0x0000000020000050                PROVIDE (__fini_array_start, .)
 *(SORT(.fini_array.*))
 *(.fini_array)
 .fini_array    0x0000000020000050        0x4 /Users/dcellucci/Library/Arduino15/packages/arduino/tools/arm-none-eabi-gcc/4.8.3-2014q1/bin/../lib/gcc/arm-none-eabi/4.8.3/armv6-m/crtbegin.o
                0x0000000020000054                PROVIDE (__fini_array_end, .)
 *(.jcr*)
 .jcr           0x0000000020000054        0x0 /Users/dcellucci/Library/Arduino15/packages/arduino/tools/arm-none-eabi-gcc/4.8.3-2014q1/bin/../lib/gcc/arm-none-eabi/4.8.3/armv6-m/crtbegin.o
 .jcr           0x0000000020000054        0x4 /Users/dcellucci/Library/Arduino15/packages/arduino/tools/arm-none-eabi-gcc/4.8.3-2014q1/bin/../lib/gcc/arm-none-eabi/4.8.3/armv6-m/crtend.o
                0x0000000020000058                . = ALIGN (0x4)
                0x0000000020000058                __data_end__ = .

.igot.plt       0x0000000020000058        0x0 load address 0x0000000000001680
 .igot.plt      0x0000000000000000        0x0 /Users/dcellucci/Library/Arduino15/packages/arduino/tools/arm-none-eabi-gcc/4.8.3-2014q1/bin/../lib/gcc/arm-none-eabi/4.8.3/armv6-m/crtbegin.o

.bss            0x0000000020000058      0x238 load address 0x0000000000001680
                0x0000000020000058                . = ALIGN (0x4)
                0x0000000020000058                __bss_start__ = .
 *(.bss*)
 .bss           0x0000000020000058       0x1c /Users/dcellucci/Library/Arduino15/packages/arduino/tools/arm-none-eabi-gcc/4.8.3-2014q1/bin/../lib/gcc/arm-none-eabi/4.8.3/armv6-m/crtbegin.o
 .bss.read_job  0x0000000020000074        0x1 build/board_driver_usb.o
 .bss.main_b_cdc_enable
                0x0000000020000075        0x1 build/main.o
 .bss.wValue.9969
                0x0000000020000076        0x2 build/sam_ba_usb.o
 .bss.wIndex.9970
                0x0000000020000078        0x2 build/sam_ba_usb.o
 .bss.bRequest.9966
                0x000000002000007a        0x1 build/sam_ba_usb.o
 .bss.bmRequestType.9965
                0x000000002000007b        0x1 build/sam_ba_usb.o
 .bss.wLength.9971
                0x000000002000007c        0x2 build/sam_ba_usb.o
 .bss.wStatus.9972
                0x000000002000007e        0x2 build/sam_ba_usb.o
 .bss.dir.9967  0x0000000020000080        0x1 build/sam_ba_usb.o
 .bss.requestSwitchValue.9968
                0x0000000020000081        0x1 build/sam_ba_usb.o
 *fill*         0x0000000020000082        0x2 
 .bss.src_buff_addr.10830
                0x0000000020000084        0x4 build/sam_ba_monitor.o
 .bss.b_terminal_mode
                0x0000000020000088        0x1 build/sam_ba_monitor.o
                0x0000000020000088                b_terminal_mode
 .bss.b_sam_ba_interface_usart
                0x0000000020000089        0x1 build/sam_ba_monitor.o
                0x0000000020000089                b_sam_ba_interface_usart
 *(COMMON)
 *fill*         0x000000002000008a        0x2 
 COMMON         0x000000002000008c      0x180 build/board_driver_usb.o
                0x000000002000008c                udd_ep_out_cache_buffer
                0x000000002000010c                udd_ep_in_cache_buffer
                0x000000002000018c                usb_endpoint_table
 COMMON         0x000000002000020c        0x4 build/main.o
                0x000000002000020c                pulSketch_Start_Address
 COMMON         0x0000000020000210        0xc build/sam_ba_usb.o
                0x0000000020000210                sam_ba_cdc
 COMMON         0x000000002000021c       0x74 build/sam_ba_monitor.o
                0x000000002000021c                j
                0x0000000020000220                length
                0x0000000020000224                ptr
                0x0000000020000228                command
                0x000000002000022c                MAX_FLASH
                0x0000000020000230                PAGES
                0x0000000020000234                i
                0x0000000020000238                PAGE_SIZE
                0x000000002000023c                data
                0x000000002000027c                ptr_data
                0x0000000020000280                ptr_monitor_if
                0x0000000020000284                sp
                0x0000000020000288                current_number
                0x000000002000028c                u32tmp
                0x0000000020000290                . = ALIGN (0x4)
                0x0000000020000290                __bss_end__ = .

.heap           0x0000000020000290        0x0
                0x0000000020000290                __end__ = .
                0x0000000020000290                PROVIDE (end, .)
 *(.heap*)
                0x0000000020000290                __HeapLimit = .

.stack_dummy    0x0000000020000290        0x0
 *(.stack*)
                0x0000000020007ffc                __StackTop = (ORIGIN (RAM) + 0x7ffc)
                0x0000000020007ffc                __StackLimit = (__StackTop - SIZEOF (.stack_dummy))
                0x0000000020007ffc                PROVIDE (__stack, __StackTop)
                0x0000000020007ffb                __ram_end__ = ((ORIGIN (RAM) + 0x7ffc) - 0x1)
                0x0000000000000001                ASSERT ((__StackLimit >= __HeapLimit), region RAM overflowed with stack)
OUTPUT(build/samd21_sam_ba.elf elf32-littlearm)

.ARM.attributes
                0x0000000000000000       0x28
 .ARM.attributes
                0x0000000000000000       0x1e /Users/dcellucci/Library/Arduino15/packages/arduino/tools/arm-none-eabi-gcc/4.8.3-2014q1/bin/../lib/gcc/arm-none-eabi/4.8.3/armv6-m/crti.o
 .ARM.attributes
                0x000000000000001e       0x2c /Users/dcellucci/Library/Arduino15/packages/arduino/tools/arm-none-eabi-gcc/4.8.3-2014q1/bin/../lib/gcc/arm-none-eabi/4.8.3/armv6-m/crtbegin.o
 .ARM.attributes
                0x000000000000004a       0x32 build/board_driver_usb.o
 .ARM.attributes
                0x000000000000007c       0x32 build/board_init.o
 .ARM.attributes
                0x00000000000000ae       0x32 build/board_startup.o
 .ARM.attributes
                0x00000000000000e0       0x32 build/main.o
 .ARM.attributes
                0x0000000000000112       0x32 build/sam_ba_usb.o
 .ARM.attributes
                0x0000000000000144       0x32 build/sam_ba_cdc.o
 .ARM.attributes
                0x0000000000000176       0x32 build/sam_ba_monitor.o
 .ARM.attributes
                0x00000000000001a8       0x32 build/sam_ba_serial.o
 .ARM.attributes
                0x00000000000001da       0x2c /Users/dcellucci/Library/Arduino15/packages/arduino/tools/arm-none-eabi-gcc/4.8.3-2014q1/bin/../lib/gcc/arm-none-eabi/4.8.3/../../../../arm-none-eabi/lib/armv6-m/libc_s.a(lib_a-memcpy-stub.o)
 .ARM.attributes
                0x0000000000000206       0x2c /Users/dcellucci/Library/Arduino15/packages/arduino/tools/arm-none-eabi-gcc/4.8.3-2014q1/bin/../lib/gcc/arm-none-eabi/4.8.3/../../../../arm-none-eabi/lib/armv6-m/libc_s.a(lib_a-memset.o)
 .ARM.attributes
                0x0000000000000232       0x2c /Users/dcellucci/Library/Arduino15/packages/arduino/tools/arm-none-eabi-gcc/4.8.3-2014q1/bin/../lib/gcc/arm-none-eabi/4.8.3/armv6-m/crtend.o
 .ARM.attributes
                0x000000000000025e       0x1e /Users/dcellucci/Library/Arduino15/packages/arduino/tools/arm-none-eabi-gcc/4.8.3-2014q1/bin/../lib/gcc/arm-none-eabi/4.8.3/armv6-m/crtn.o

.comment        0x0000000000000000       0x70
 .comment       0x0000000000000000       0x70 build/board_driver_usb.o
                                         0x71 (size before relaxing)
 .comment       0x0000000000000000       0x71 build/board_init.o
 .comment       0x0000000000000000       0x71 build/board_startup.o
 .comment       0x0000000000000000       0x71 build/main.o
 .comment       0x0000000000000000       0x71 build/sam_ba_usb.o
 .comment       0x0000000000000000       0x71 build/sam_ba_cdc.o
 .comment       0x0000000000000000       0x71 build/sam_ba_monitor.o
 .comment       0x0000000000000000       0x71 build/sam_ba_serial.o

.debug_info     0x0000000000000000     0xf889
 .debug_info    0x0000000000000000     0x30de build/board_driver_usb.o
 .debug_info    0x00000000000030de     0x1ff0 build/board_init.o
 .debug_info    0x00000000000050ce      0x257 build/board_startup.o
 .debug_info    0x0000000000005325     0x24fe build/main.o
 .debug_info    0x0000000000007823     0x1fd4 build/sam_ba_usb.o
 .debug_info    0x00000000000097f7     0x1df2 build/sam_ba_cdc.o
 .debug_info    0x000000000000b5e9      0xe07 build/sam_ba_monitor.o
 .debug_info    0x000000000000c3f0     0x3499 build/sam_ba_serial.o

.debug_abbrev   0x0000000000000000     0x14f6
 .debug_abbrev  0x0000000000000000      0x2c1 build/board_driver_usb.o
 .debug_abbrev  0x00000000000002c1      0x201 build/board_init.o
 .debug_abbrev  0x00000000000004c2       0xf0 build/board_startup.o
 .debug_abbrev  0x00000000000005b2      0x2ec build/main.o
 .debug_abbrev  0x000000000000089e      0x28e build/sam_ba_usb.o
 .debug_abbrev  0x0000000000000b2c      0x25a build/sam_ba_cdc.o
 .debug_abbrev  0x0000000000000d86      0x3c9 build/sam_ba_monitor.o
 .debug_abbrev  0x000000000000114f      0x3a7 build/sam_ba_serial.o

.debug_loc      0x0000000000000000     0x12ef
 .debug_loc     0x0000000000000000      0x355 build/board_driver_usb.o
 .debug_loc     0x0000000000000355      0x18e build/board_init.o
 .debug_loc     0x00000000000004e3       0x69 build/board_startup.o
 .debug_loc     0x000000000000054c       0x7e build/main.o
 .debug_loc     0x00000000000005ca       0x55 build/sam_ba_usb.o
 .debug_loc     0x000000000000061f      0x1c5 build/sam_ba_cdc.o
 .debug_loc     0x00000000000007e4      0x3cf build/sam_ba_monitor.o
 .debug_loc     0x0000000000000bb3      0x73c build/sam_ba_serial.o

.debug_aranges  0x0000000000000000      0x250
 .debug_aranges
                0x0000000000000000       0x68 build/board_driver_usb.o
 .debug_aranges
                0x0000000000000068       0x58 build/board_init.o
 .debug_aranges
                0x00000000000000c0       0x48 build/board_startup.o
 .debug_aranges
                0x0000000000000108       0x20 build/main.o
 .debug_aranges
                0x0000000000000128       0x28 build/sam_ba_usb.o
 .debug_aranges
                0x0000000000000150       0x48 build/sam_ba_cdc.o
 .debug_aranges
                0x0000000000000198       0x38 build/sam_ba_monitor.o
 .debug_aranges
                0x00000000000001d0       0x80 build/sam_ba_serial.o

.debug_ranges   0x0000000000000000      0x1e8
 .debug_ranges  0x0000000000000000       0x58 build/board_driver_usb.o
 .debug_ranges  0x0000000000000058       0x48 build/board_init.o
 .debug_ranges  0x00000000000000a0       0x38 build/board_startup.o
 .debug_ranges  0x00000000000000d8       0x10 build/main.o
 .debug_ranges  0x00000000000000e8       0x18 build/sam_ba_usb.o
 .debug_ranges  0x0000000000000100       0x38 build/sam_ba_cdc.o
 .debug_ranges  0x0000000000000138       0x28 build/sam_ba_monitor.o
 .debug_ranges  0x0000000000000160       0x88 build/sam_ba_serial.o

.debug_macro    0x0000000000000000     0x22ed
 .debug_macro   0x0000000000000000      0x3b4 build/board_driver_usb.o
 .debug_macro   0x00000000000003b4      0x166 build/board_driver_usb.o
 .debug_macro   0x000000000000051a      0x2a6 build/board_driver_usb.o
 .debug_macro   0x00000000000007c0       0x10 build/board_driver_usb.o
 .debug_macro   0x00000000000007d0       0x35 build/board_driver_usb.o
 .debug_macro   0x0000000000000805       0x1f build/board_driver_usb.o
 .debug_macro   0x0000000000000824       0x40 build/board_driver_usb.o
 .debug_macro   0x0000000000000864       0xdc build/board_driver_usb.o
 .debug_macro   0x0000000000000940       0x16 build/board_driver_usb.o
 .debug_macro   0x0000000000000956      0x2f7 build/board_init.o
 .debug_macro   0x0000000000000c4d      0x2c4 build/board_startup.o
 .debug_macro   0x0000000000000f11      0x3da build/main.o
 .debug_macro   0x00000000000012eb       0x3a build/main.o
 .debug_macro   0x0000000000001325       0x46 build/main.o
 .debug_macro   0x000000000000136b       0xe2 build/main.o
 .debug_macro   0x000000000000144d       0x1c build/main.o
 .debug_macro   0x0000000000001469      0x3a4 build/sam_ba_usb.o
 .debug_macro   0x000000000000180d      0x2f5 build/sam_ba_cdc.o
 .debug_macro   0x0000000000001b02      0x40d build/sam_ba_monitor.o
 .debug_macro   0x0000000000001f0f       0x1c build/sam_ba_monitor.o
 .debug_macro   0x0000000000001f2b      0x3c2 build/sam_ba_serial.o

.debug_line     0x0000000000000000     0x3cd8
 .debug_line    0x0000000000000000      0x861 build/board_driver_usb.o
 .debug_line    0x0000000000000861      0x76d build/board_init.o
 .debug_line    0x0000000000000fce      0x64e build/board_startup.o
 .debug_line    0x000000000000161c      0x71b build/main.o
 .debug_line    0x0000000000001d37      0x7ba build/sam_ba_usb.o
 .debug_line    0x00000000000024f1      0x676 build/sam_ba_cdc.o
 .debug_line    0x0000000000002b67      0x8ea build/sam_ba_monitor.o
 .debug_line    0x0000000000003451      0x887 build/sam_ba_serial.o

.debug_str      0x0000000000000000    0x681a0
 .debug_str     0x0000000000000000    0x65cad build/board_driver_usb.o
                                      0x6603e (size before relaxing)
 .debug_str     0x0000000000065cad      0x964 build/board_init.o
                                      0x6345a (size before relaxing)
 .debug_str     0x0000000000066611      0x178 build/board_startup.o
                                      0x62909 (size before relaxing)
 .debug_str     0x0000000000066789      0xe05 build/main.o
                                      0x65cc7 (size before relaxing)
 .debug_str     0x000000000006758e      0x103 build/sam_ba_usb.o
                                      0x65a8a (size before relaxing)
 .debug_str     0x0000000000067691       0x87 build/sam_ba_cdc.o
                                      0x634e8 (size before relaxing)
 .debug_str     0x0000000000067718      0x1f7 build/sam_ba_monitor.o
                                      0x6625f (size before relaxing)
 .debug_str     0x000000000006790f      0x891 build/sam_ba_serial.o
                                      0x65a74 (size before relaxing)

.debug_frame    0x0000000000000000      0x578
 .debug_frame   0x0000000000000000      0x108 build/board_driver_usb.o
 .debug_frame   0x0000000000000108       0xa8 build/board_init.o
 .debug_frame   0x00000000000001b0       0x78 build/board_startup.o
 .debug_frame   0x0000000000000228       0x2c build/main.o
 .debug_frame   0x0000000000000254       0x48 build/sam_ba_usb.o
 .debug_frame   0x000000000000029c       0xb0 build/sam_ba_cdc.o
 .debug_frame   0x000000000000034c       0x7c build/sam_ba_monitor.o
 .debug_frame   0x00000000000003c8      0x168 build/sam_ba_serial.o
 .debug_frame   0x0000000000000530       0x28 /Users/dcellucci/Library/Arduino15/packages/arduino/tools/arm-none-eabi-gcc/4.8.3-2014q1/bin/../lib/gcc/arm-none-eabi/4.8.3/../../../../arm-none-eabi/lib/armv6-m/libc_s.a(lib_a-memcpy-stub.o)
 .debug_frame   0x0000000000000558       0x20 /Users/dcellucci/Library/Arduino15/packages/arduino/tools/arm-none-eabi-gcc/4.8.3-2014q1/bin/../lib/gcc/arm-none-eabi/4.8.3/../../../../arm-none-eabi/lib/armv6-m/libc_s.a(lib_a-memset.o)

Cross Reference Table

Symbol                                            File
HardFault_Handler                                 build/board_startup.o
MAX_FLASH                                         build/sam_ba_monitor.o
NMI_Handler                                       build/board_startup.o
PAGES                                             build/sam_ba_monitor.o
PAGE_SIZE                                         build/sam_ba_monitor.o
PendSV_Handler                                    build/board_startup.o
Reset_Handler                                     build/board_startup.o
RomBOOT_ExtendedCapabilities                      build/sam_ba_monitor.o
RomBOOT_Version                                   build/sam_ba_monitor.o
SVC_Handler                                       build/board_startup.o
SysTick_Handler                                   build/board_startup.o
USB_Configure                                     build/board_driver_usb.o
                                                  build/sam_ba_usb.o
USB_Init                                          build/board_driver_usb.o
                                                  build/sam_ba_usb.o
USB_IsConfigured                                  build/board_driver_usb.o
                                                  build/sam_ba_cdc.o
USB_Open                                          build/board_driver_usb.o
                                                  build/sam_ba_usb.o
USB_Read                                          build/board_driver_usb.o
                                                  build/sam_ba_cdc.o
USB_Read_blocking                                 build/board_driver_usb.o
USB_SendStall                                     build/board_driver_usb.o
                                                  build/sam_ba_usb.o
USB_SendZlp                                       build/board_driver_usb.o
                                                  build/sam_ba_usb.o
USB_SetAddress                                    build/board_driver_usb.o
                                                  build/sam_ba_usb.o
USB_Write                                         build/board_driver_usb.o
                                                  build/sam_ba_cdc.o
                                                  build/sam_ba_usb.o
_Jv_RegisterClasses                               /Users/dcellucci/Library/Arduino15/packages/arduino/tools/arm-none-eabi-gcc/4.8.3-2014q1/bin/../lib/gcc/arm-none-eabi/4.8.3/armv6-m/crtbegin.o
__StackTop                                        build/board_startup.o
__bss_end__                                       build/board_startup.o
                                                  /Users/dcellucci/Library/Arduino15/packages/arduino/tools/arm-none-eabi-gcc/4.8.3-2014q1/bin/../lib/gcc/arm-none-eabi/4.8.3/../../../../arm-none-eabi/lib/armv6-m/crt0.o
__bss_start__                                     build/board_startup.o
                                                  /Users/dcellucci/Library/Arduino15/packages/arduino/tools/arm-none-eabi-gcc/4.8.3-2014q1/bin/../lib/gcc/arm-none-eabi/4.8.3/../../../../arm-none-eabi/lib/armv6-m/crt0.o
__call_exitprocs                                  /Users/dcellucci/Library/Arduino15/packages/arduino/tools/arm-none-eabi-gcc/4.8.3-2014q1/bin/../lib/gcc/arm-none-eabi/4.8.3/../../../../arm-none-eabi/lib/armv6-m/libc_s.a(lib_a-exit.o)
__data_end__                                      build/board_startup.o
__data_start__                                    build/board_startup.o
__deregister_frame_info                           /Users/dcellucci/Library/Arduino15/packages/arduino/tools/arm-none-eabi-gcc/4.8.3-2014q1/bin/../lib/gcc/arm-none-eabi/4.8.3/armv6-m/crtbegin.o
__dso_handle                                      /Users/dcellucci/Library/Arduino15/packages/arduino/tools/arm-none-eabi-gcc/4.8.3-2014q1/bin/../lib/gcc/arm-none-eabi/4.8.3/armv6-m/crtbegin.o
__etext                                           build/board_startup.o
__init_array_end                                  /Users/dcellucci/Library/Arduino15/packages/arduino/tools/arm-none-eabi-gcc/4.8.3-2014q1/bin/../lib/gcc/arm-none-eabi/4.8.3/../../../../arm-none-eabi/lib/armv6-m/libc_s.a(lib_a-init.o)
__init_array_start                                /Users/dcellucci/Library/Arduino15/packages/arduino/tools/arm-none-eabi-gcc/4.8.3-2014q1/bin/../lib/gcc/arm-none-eabi/4.8.3/../../../../arm-none-eabi/lib/armv6-m/libc_s.a(lib_a-init.o)
__libc_fini_array                                 /Users/dcellucci/Library/Arduino15/packages/arduino/tools/arm-none-eabi-gcc/4.8.3-2014q1/bin/../lib/gcc/arm-none-eabi/4.8.3/../../../../arm-none-eabi/lib/armv6-m/crt0.o
__libc_init_array                                 /Users/dcellucci/Library/Arduino15/packages/arduino/tools/arm-none-eabi-gcc/4.8.3-2014q1/bin/../lib/gcc/arm-none-eabi/4.8.3/../../../../arm-none-eabi/lib/armv6-m/libc_s.a(lib_a-init.o)
                                                  /Users/dcellucci/Library/Arduino15/packages/arduino/tools/arm-none-eabi-gcc/4.8.3-2014q1/bin/../lib/gcc/arm-none-eabi/4.8.3/../../../../arm-none-eabi/lib/armv6-m/crt0.o
__preinit_array_end                               /Users/dcellucci/Library/Arduino15/packages/arduino/tools/arm-none-eabi-gcc/4.8.3-2014q1/bin/../lib/gcc/arm-none-eabi/4.8.3/../../../../arm-none-eabi/lib/armv6-m/libc_s.a(lib_a-init.o)
__preinit_array_start                             /Users/dcellucci/Library/Arduino15/packages/arduino/tools/arm-none-eabi-gcc/4.8.3-2014q1/bin/../lib/gcc/arm-none-eabi/4.8.3/../../../../arm-none-eabi/lib/armv6-m/libc_s.a(lib_a-init.o)
__register_frame_info                             /Users/dcellucci/Library/Arduino15/packages/arduino/tools/arm-none-eabi-gcc/4.8.3-2014q1/bin/../lib/gcc/arm-none-eabi/4.8.3/armv6-m/crtbegin.o
__sf_fake_stderr                                  /Users/dcellucci/Library/Arduino15/packages/arduino/tools/arm-none-eabi-gcc/4.8.3-2014q1/bin/../lib/gcc/arm-none-eabi/4.8.3/../../../../arm-none-eabi/lib/armv6-m/libc_s.a(lib_a-impure.o)
__sf_fake_stdin                                   /Users/dcellucci/Library/Arduino15/packages/arduino/tools/arm-none-eabi-gcc/4.8.3-2014q1/bin/../lib/gcc/arm-none-eabi/4.8.3/../../../../arm-none-eabi/lib/armv6-m/libc_s.a(lib_a-impure.o)
__sf_fake_stdout                                  /Users/dcellucci/Library/Arduino15/packages/arduino/tools/arm-none-eabi-gcc/4.8.3-2014q1/bin/../lib/gcc/arm-none-eabi/4.8.3/../../../../arm-none-eabi/lib/armv6-m/libc_s.a(lib_a-impure.o)
__sketch_vectors_ptr                              build/main.o
__stack                                           /Users/dcellucci/Library/Arduino15/packages/arduino/tools/arm-none-eabi-gcc/4.8.3-2014q1/bin/../lib/gcc/arm-none-eabi/4.8.3/../../../../arm-none-eabi/lib/armv6-m/crt0.o
_exit                                             /Users/dcellucci/Library/Arduino15/packages/arduino/tools/arm-none-eabi-gcc/4.8.3-2014q1/bin/../lib/gcc/arm-none-eabi/4.8.3/../../../../arm-none-eabi/lib/armv6-m/libnosys.a(_exit.o)
                                                  /Users/dcellucci/Library/Arduino15/packages/arduino/tools/arm-none-eabi-gcc/4.8.3-2014q1/bin/../lib/gcc/arm-none-eabi/4.8.3/../../../../arm-none-eabi/lib/armv6-m/libc_s.a(lib_a-exit.o)
_fini                                             /Users/dcellucci/Library/Arduino15/packages/arduino/tools/arm-none-eabi-gcc/4.8.3-2014q1/bin/../lib/gcc/arm-none-eabi/4.8.3/armv6-m/crti.o
_global_impure_ptr                                /Users/dcellucci/Library/Arduino15/packages/arduino/tools/arm-none-eabi-gcc/4.8.3-2014q1/bin/../lib/gcc/arm-none-eabi/4.8.3/../../../../arm-none-eabi/lib/armv6-m/libc_s.a(lib_a-impure.o)
                                                  /Users/dcellucci/Library/Arduino15/packages/arduino/tools/arm-none-eabi-gcc/4.8.3-2014q1/bin/../lib/gcc/arm-none-eabi/4.8.3/../../../../arm-none-eabi/lib/armv6-m/libc_s.a(lib_a-exit.o)
_impure_ptr                                       /Users/dcellucci/Library/Arduino15/packages/arduino/tools/arm-none-eabi-gcc/4.8.3-2014q1/bin/../lib/gcc/arm-none-eabi/4.8.3/../../../../arm-none-eabi/lib/armv6-m/libc_s.a(lib_a-impure.o)
_init                                             /Users/dcellucci/Library/Arduino15/packages/arduino/tools/arm-none-eabi-gcc/4.8.3-2014q1/bin/../lib/gcc/arm-none-eabi/4.8.3/armv6-m/crti.o
                                                  /Users/dcellucci/Library/Arduino15/packages/arduino/tools/arm-none-eabi-gcc/4.8.3-2014q1/bin/../lib/gcc/arm-none-eabi/4.8.3/../../../../arm-none-eabi/lib/armv6-m/libc_s.a(lib_a-init.o)
_mainCRTStartup                                   /Users/dcellucci/Library/Arduino15/packages/arduino/tools/arm-none-eabi-gcc/4.8.3-2014q1/bin/../lib/gcc/arm-none-eabi/4.8.3/../../../../arm-none-eabi/lib/armv6-m/crt0.o
_start                                            /Users/dcellucci/Library/Arduino15/packages/arduino/tools/arm-none-eabi-gcc/4.8.3-2014q1/bin/../lib/gcc/arm-none-eabi/4.8.3/../../../../arm-none-eabi/lib/armv6-m/crt0.o
atexit                                            /Users/dcellucci/Library/Arduino15/packages/arduino/tools/arm-none-eabi-gcc/4.8.3-2014q1/bin/../lib/gcc/arm-none-eabi/4.8.3/../../../../arm-none-eabi/lib/armv6-m/crt0.o
b_sam_ba_interface_usart                          build/sam_ba_monitor.o
b_sharp_received                                  build/sam_ba_serial.o
b_terminal_mode                                   build/sam_ba_monitor.o
board_init                                        build/board_init.o
                                                  build/main.o
board_init_dfll48                                 build/board_init.o
board_init_dfll48_closed                          build/board_init.o
board_init_osc32k                                 build/board_init.o
board_init_osc8m                                  build/board_init.o
board_init_set_dfll48_as_master                   build/board_init.o
board_init_set_osc8m_as_master                    build/board_init.o
board_init_xosc                                   build/board_init.o
buffer_rx_usart                                   build/sam_ba_serial.o
buffer_tx_usart                                   build/sam_ba_serial.o
call_applet                                       build/sam_ba_monitor.o
cdc_getc                                          build/sam_ba_cdc.o
                                                  build/sam_ba_monitor.o
cdc_is_rx_ready                                   build/sam_ba_cdc.o
                                                  build/sam_ba_monitor.o
cdc_putc                                          build/sam_ba_cdc.o
                                                  build/sam_ba_monitor.o
cdc_read_buf                                      build/sam_ba_cdc.o
                                                  build/sam_ba_monitor.o
cdc_read_buf_xmd                                  build/sam_ba_cdc.o
                                                  build/sam_ba_monitor.o
cdc_write_buf                                     build/sam_ba_cdc.o
                                                  build/sam_ba_monitor.o
command                                           build/sam_ba_monitor.o
current_number                                    build/sam_ba_monitor.o
data                                              build/sam_ba_monitor.o
error_timeout                                     build/sam_ba_serial.o
exception_table                                   build/board_startup.o
exit                                              /Users/dcellucci/Library/Arduino15/packages/arduino/tools/arm-none-eabi-gcc/4.8.3-2014q1/bin/../lib/gcc/arm-none-eabi/4.8.3/../../../../arm-none-eabi/lib/armv6-m/libc_s.a(lib_a-exit.o)
                                                  /Users/dcellucci/Library/Arduino15/packages/arduino/tools/arm-none-eabi-gcc/4.8.3-2014q1/bin/../lib/gcc/arm-none-eabi/4.8.3/../../../../arm-none-eabi/lib/armv6-m/crt0.o
hardware_init_hook                                /Users/dcellucci/Library/Arduino15/packages/arduino/tools/arm-none-eabi-gcc/4.8.3-2014q1/bin/../lib/gcc/arm-none-eabi/4.8.3/../../../../arm-none-eabi/lib/armv6-m/crt0.o
i                                                 build/sam_ba_monitor.o
idx_rx_read                                       build/sam_ba_serial.o
idx_rx_write                                      build/sam_ba_serial.o
idx_tx_read                                       build/sam_ba_serial.o
idx_tx_write                                      build/sam_ba_serial.o
j                                                 build/sam_ba_monitor.o
length                                            build/sam_ba_monitor.o
line_coding                                       build/sam_ba_cdc.o
                                                  build/sam_ba_usb.o
main                                              build/main.o
                                                  build/board_startup.o
                                                  /Users/dcellucci/Library/Arduino15/packages/arduino/tools/arm-none-eabi-gcc/4.8.3-2014q1/bin/../lib/gcc/arm-none-eabi/4.8.3/../../../../arm-none-eabi/lib/armv6-m/crt0.o
memcpy                                            /Users/dcellucci/Library/Arduino15/packages/arduino/tools/arm-none-eabi-gcc/4.8.3-2014q1/bin/../lib/gcc/arm-none-eabi/4.8.3/../../../../arm-none-eabi/lib/armv6-m/libc_s.a(lib_a-memcpy-stub.o)
                                                  build/sam_ba_monitor.o
                                                  build/board_driver_usb.o
memset                                            /Users/dcellucci/Library/Arduino15/packages/arduino/tools/arm-none-eabi-gcc/4.8.3-2014q1/bin/../lib/gcc/arm-none-eabi/4.8.3/../../../../arm-none-eabi/lib/armv6-m/libc_s.a(lib_a-memset.o)
                                                  build/board_driver_usb.o
                                                  /Users/dcellucci/Library/Arduino15/packages/arduino/tools/arm-none-eabi-gcc/4.8.3-2014q1/bin/../lib/gcc/arm-none-eabi/4.8.3/../../../../arm-none-eabi/lib/armv6-m/crt0.o
mode_of_transfer                                  build/sam_ba_serial.o
ptr                                               build/sam_ba_monitor.o
ptr_data                                          build/sam_ba_monitor.o
ptr_monitor_if                                    build/sam_ba_monitor.o
pulSketch_Start_Address                           build/main.o
sam_ba_cdc                                        build/sam_ba_cdc.o
                                                  build/sam_ba_usb.o
sam_ba_monitor_init                               build/sam_ba_monitor.o
                                                  build/main.o
sam_ba_monitor_run                                build/sam_ba_monitor.o
                                                  build/main.o
sam_ba_putdata_term                               build/sam_ba_monitor.o
sam_ba_usb_CDC_Enumerate                          build/sam_ba_usb.o
                                                  build/board_driver_usb.o
serial_add_crc                                    build/sam_ba_serial.o
                                                  build/sam_ba_monitor.o
serial_close                                      build/sam_ba_serial.o
serial_getc                                       build/sam_ba_serial.o
serial_getdata                                    build/sam_ba_serial.o
serial_getdata_xmd                                build/sam_ba_serial.o
serial_is_rx_ready                                build/sam_ba_serial.o
serial_open                                       build/sam_ba_serial.o
serial_putc                                       build/sam_ba_serial.o
serial_putdata                                    build/sam_ba_serial.o
serial_putdata_xmd                                build/sam_ba_serial.o
serial_readc                                      build/sam_ba_serial.o
serial_sharp_received                             build/sam_ba_serial.o
size_of_data                                      build/sam_ba_serial.o
software_init_hook                                /Users/dcellucci/Library/Arduino15/packages/arduino/tools/arm-none-eabi-gcc/4.8.3-2014q1/bin/../lib/gcc/arm-none-eabi/4.8.3/../../../../arm-none-eabi/lib/armv6-m/crt0.o
sp                                                build/sam_ba_monitor.o
u32tmp                                            build/sam_ba_monitor.o
uart_basic_init                                   build/board_driver_serial.o
                                                  build/sam_ba_serial.o
uart_disable                                      build/board_driver_serial.o
                                                  build/sam_ba_serial.o
uart_drv_error_flag                               build/board_driver_serial.o
uart_read_buffer_polled                           build/board_driver_serial.o
uart_read_byte                                    build/board_driver_serial.o
                                                  build/sam_ba_serial.o
uart_write_buffer_polled                          build/board_driver_serial.o
uart_write_byte                                   build/board_driver_serial.o
                                                  build/sam_ba_serial.o
udd_ep_in_cache_buffer                            build/board_driver_usb.o
udd_ep_out_cache_buffer                           build/sam_ba_usb.o
                                                  build/board_driver_usb.o
usb_endpoint_table                                build/board_driver_usb.o
usb_init                                          build/sam_ba_usb.o
                                                  build/main.o
usbcdc_if                                         build/sam_ba_monitor.o
